../Core/Inc/lcd.h:59:6:clockLcd	8	static
../Core/Inc/lcd.h:68:6:yuklelcd	16	static
../Core/Inc/lcd.h:79:6:sendCmdLcd	16	static
../Core/Inc/lcd.h:92:6:sendDataLcd	16	static
../Core/Inc/lcd.h:102:6:writeStr	24	static
../Core/Inc/lcd.h:117:6:writeStr1	24	static
../Core/Inc/lcd.h:133:6:clearLcd	8	static
../Core/Inc/lcd.h:140:6:clearLcd2	8	static
../Core/Inc/lcd.h:148:6:setCursor	24	static
../Core/Inc/lcd.h:159:6:cursorOn	8	static
../Core/Inc/lcd.h:165:6:cursorOn2	24	static
../Core/Inc/lcd.h:177:6:cursorOf	8	static
../Core/Inc/lcd.h:184:6:lcdInit	8	static
../Core/Inc/lcd.h:201:6:displayDigit	24	static
../Core/Inc/lcd.h:219:6:displayInt	40	static
../Core/Inc/lcd.h:255:6:displayFloat	40	static
../Core/Inc/ds1307.h:16:6:i2cStart	8	static
../Core/Inc/ds1307.h:27:6:i2cStop	8	static
../Core/Inc/ds1307.h:41:9:i2cwrite	24	static
../Core/Inc/ds1307.h:68:9:i2cread	24	static
../Core/Inc/ds1307.h:94:10:decimaltobcd	16	static
../Core/Inc/ds1307.h:99:9:bcdtodecimal	16	static
../Core/Inc/ds1307.h:131:6:enableDS1307_DS3231sqwout	8	static
../Core/Inc/ds1307.h:146:6:disableDS1307_DS3231sqwout	8	static
../Core/Inc/ds1307.h:163:6:SetDateTime_ds1307	8	static
../Core/Inc/ds1307.h:192:6:GetDateTime_ds1307	8	static
../Core/Inc/dht.h:20:6:setpin_outputmode	32	static
../Core/Inc/dht.h:30:6:setpin_inputmode	32	static
../Core/Inc/dht.h:40:6:DHT_Start	8	static
../Core/Inc/dht.h:55:9:DHT_Check_Response	16	static
../Core/Inc/dht.h:78:9:DHT_Read	16	static
../Core/Inc/dht.h:115:9:DHT_GetData	24	static
../Core/Inc/delay.h:15:6:delay_us2	16	static
../Core/Inc/delay.h:30:6:delayUs	24	static
../Core/Inc/delay.h:36:6:delayMs	24	static
../Core/Src/main.c:92:6:delay_us	16	static
../Core/Src/main.c:100:6:HAL_UART_ErrorCallback	16	static
../Core/Src/main.c:114:6:veriyiIsle	16	static
../Core/Src/main.c:163:6:FormatAndSendData	152	static
../Core/Src/main.c:206:5:main	8	static
../Core/Src/main.c:311:6:SystemClock_Config	88	static
../Core/Src/main.c:358:13:MX_ADC1_Init	24	static
../Core/Src/main.c:410:13:MX_TIM1_Init	32	static
../Core/Src/main.c:456:13:MX_USART1_UART_Init	8	static
../Core/Src/main.c:487:13:MX_DMA_Init	16	static
../Core/Src/main.c:505:13:MX_GPIO_Init	40	static
../Core/Src/main.c:555:6:HAL_UART_RxCpltCallback	16	static
../Core/Src/main.c:573:6:Error_Handler	4	static,ignoring_inline_asm
