../Core/Inc/lcd.h:59:6:clockLcd	1
../Core/Inc/lcd.h:68:6:yuklelcd	5
../Core/Inc/lcd.h:79:6:sendCmdLcd	1
../Core/Inc/lcd.h:92:6:sendDataLcd	1
../Core/Inc/lcd.h:102:6:writeStr	6
../Core/Inc/lcd.h:117:6:writeStr1	6
../Core/Inc/lcd.h:133:6:clearLcd	1
../Core/Inc/lcd.h:140:6:clearLcd2	1
../Core/Inc/lcd.h:148:6:setCursor	5
../Core/Inc/lcd.h:159:6:cursorOn	1
../Core/Inc/lcd.h:165:6:cursorOn2	5
../Core/Inc/lcd.h:177:6:cursorOf	1
../Core/Inc/lcd.h:184:6:lcdInit	1
../Core/Inc/lcd.h:201:6:displayDigit	5
../Core/Inc/lcd.h:219:6:displayInt	13
../Core/Inc/lcd.h:255:6:displayFloat	14
../Core/Inc/ds1307.h:16:6:i2cStart	1
../Core/Inc/ds1307.h:27:6:i2cStop	1
../Core/Inc/ds1307.h:41:9:i2cwrite	3
../Core/Inc/ds1307.h:68:9:i2cread	4
../Core/Inc/ds1307.h:94:10:decimaltobcd	1
../Core/Inc/ds1307.h:99:9:bcdtodecimal	1
../Core/Inc/ds1307.h:131:6:enableDS1307_DS3231sqwout	1
../Core/Inc/ds1307.h:146:6:disableDS1307_DS3231sqwout	1
../Core/Inc/ds1307.h:163:6:SetDateTime_ds1307	1
../Core/Inc/ds1307.h:192:6:GetDateTime_ds1307	1
../Core/Inc/dht.h:20:6:setpin_outputmode	1
../Core/Inc/dht.h:30:6:setpin_inputmode	1
../Core/Inc/dht.h:40:6:DHT_Start	1
../Core/Inc/dht.h:55:9:DHT_Check_Response	5
../Core/Inc/dht.h:78:9:DHT_Read	7
../Core/Inc/dht.h:115:9:DHT_GetData	2
../Core/Inc/delay.h:15:6:delay_us2	2
../Core/Inc/delay.h:30:6:delayUs	3
../Core/Inc/delay.h:36:6:delayMs	3
../Core/Src/main.c:92:6:delay_us	2
../Core/Src/main.c:100:6:HAL_UART_ErrorCallback	2
../Core/Src/main.c:114:6:veriyiIsle	2
../Core/Src/main.c:163:6:FormatAndSendData	2
../Core/Src/main.c:206:5:main	2
../Core/Src/main.c:311:6:SystemClock_Config	3
../Core/Src/main.c:358:13:MX_ADC1_Init	3
../Core/Src/main.c:410:13:MX_TIM1_Init	4
../Core/Src/main.c:456:13:MX_USART1_UART_Init	2
../Core/Src/main.c:487:13:MX_DMA_Init	1
../Core/Src/main.c:505:13:MX_GPIO_Init	1
../Core/Src/main.c:555:6:HAL_UART_RxCpltCallback	4
../Core/Src/main.c:573:6:Error_Handler	1
